{"nombre": "test", "correo": "algo@mail.com"}